--------------------------------------------------------------------------------
      name:  <unnamed>
       log:  /Users/fr/Documents/Research/Data/ISSP/data_issp8506.log
  log type:  text
 opened on:  22 Feb 2012, 20:25:38

. 
. * Data.
. use "rog/ZA4747_F1.dta", clear

. 
. // VARIABLES
. 
. * Structure:
. ren V4 yr

. ren V6 cty

. ren V7 ctyr

. ren WEIGHT wgt

. 
. * Variables:
. * exp = expenditure (should spend, 5-point scale)
. * lic = license (should do, 4-point scale)
. ren V36 exp1 // health

. ren V52 lic1

. ren V40 exp2 // pensions

. ren V53 lic2

. ren V41 exp3 // unemployment

. ren V55 lic3

. ren V35 exp4 // environment (control)

. ren V59 lic4

. 
. * Recode: License.
. foreach v of varlist lic* {
  2.         ren `v' x`v'
  3.         qui recode x`v' (1/2=1) (3/4=0) (else=.), gen(`v') // rescaled [0,1
> ]
  4. }

. 
. * Recode: Expenditure.
. foreach v of varlist exp* {
  2.         ren `v' x`v'
  3.         qui recode x`v' (1/2=1) (3=0) (4/5=-1) (else=.), gen(`v') // rescal
> ed [-1,0,1]
  4. }

. 
. // SAVE
. 
. * Collapse.
. collapse lic* exp* cty yr [pw=wgt], by(ctyr)

. la val cty V6

. 
. * Figures.
. if $graphs {
.         global opts = "by(yr, note('') legend(pos(3))) scale(.75) ylab(0 1) xl
> ab(-1 1)"
.         sc lic1 exp1, ms(O) || sc lic2 exp2, ms(O) || sc lic3 exp3, ms(O) || s
> c lic4 exp4, ms(O) ///
>                 legend(col(1) lab(1 "Health") lab(2 "Pensions") lab(3 "Unemplo
> yment") lab(4 "Environment")) ///
>                  name(hpue, replace) $opts
.         sc lic1 exp1, ms(O) || sc lic2 exp2, ms(O) || sc lic3 exp3, ms(O) ///
>                 legend(col(1) lab(1 "Health") lab(2 "Pensions") lab(3 "Unemplo
> yment")) ///
>                 name(hpu, replace) $opts
.         sc lic1 exp1, ms(O) || sc lic3 exp3, ms(O) ///
>                 legend(col(1) lab(1 "Health") lab(2 "Unemployment")) ///
>                 name(hpu, replace) $opts
. }

. 
. * Correlates.
. corr lic*, m
(obs=43)

    Variable |         Mean    Std. Dev.          Min          Max
-------------+----------------------------------------------------
        lic1 |      .958001     .0376035     .8460919     .9958742
        lic2 |     .9544094     .0348701      .867355     .9960628
        lic3 |     .7189225     .1361326     .4465921     .9385709
        lic4 |     .9368059     .0317267     .8659004     .9776833


             |     lic1     lic2     lic3     lic4
-------------+------------------------------------
        lic1 |   1.0000
        lic2 |   0.8680   1.0000
        lic3 |   0.3668   0.5230   1.0000
        lic4 |   0.5058   0.6019   0.3401   1.0000


. corr exp*, m
(obs=54)

    Variable |         Mean    Std. Dev.          Min          Max
-------------+----------------------------------------------------
        exp4 |     .5176224     .1665847     .1519337     .8946221
        exp1 |      .745461      .168234     .1967749     .9500535
        exp2 |     .6105485     .1868002     .1799204     .9362448
        exp3 |     .0984559     .2666004     -.514547     .6059204


             |     exp4     exp1     exp2     exp3
-------------+------------------------------------
        exp4 |   1.0000
        exp1 |   0.3670   1.0000
        exp2 |   0.4917   0.7896   1.0000
        exp3 |   0.5137   0.2937   0.5703   1.0000


. 
. * Time correlates.
. gen yr2=(yr>1991) // cluster 1985-1990 and 1996-2006 for larger n

. bysort yr2: pwcorr lic*, star(.05) obs sig

--------------------------------------------------------------------------------
-> yr2 = 0

             |     lic1     lic2     lic3     lic4
-------------+------------------------------------
        lic1 |   1.0000 
             |
             |       14
             |
        lic2 |   0.9453*  1.0000 
             |   0.0000
             |       14       14
             |
        lic3 |   0.8577*  0.8140*  1.0000 
             |   0.0001   0.0004
             |       14       14       14
             |
        lic4 |        .        .        .        . 
             |        .        .        .
             |        0        0        0        0
             |

--------------------------------------------------------------------------------
-> yr2 = 1

             |     lic1     lic2     lic3     lic4
-------------+------------------------------------
        lic1 |   1.0000 
             |
             |       43
             |
        lic2 |   0.8680*  1.0000 
             |   0.0000
             |       43       43
             |
        lic3 |   0.3668*  0.5230*  1.0000 
             |   0.0155   0.0003
             |       43       43       43
             |
        lic4 |   0.5058*  0.6019*  0.3401*  1.0000 
             |   0.0005   0.0000   0.0257
             |       43       43       43       43
             |

. bysort yr2: pwcorr exp*, star(.05) obs sig

--------------------------------------------------------------------------------
-> yr2 = 0

             |     exp4     exp1     exp2     exp3
-------------+------------------------------------
        exp4 |   1.0000 
             |
             |       13
             |
        exp1 |   0.2290   1.0000 
             |   0.4517
             |       13       13
             |
        exp2 |   0.2676   0.8896*  1.0000 
             |   0.3768   0.0000
             |       13       13       13
             |
        exp3 |   0.4890   0.3841   0.4020   1.0000 
             |   0.0899   0.1951   0.1733
             |       13       13       13       13
             |

--------------------------------------------------------------------------------
-> yr2 = 1

             |     exp4     exp1     exp2     exp3
-------------+------------------------------------
        exp4 |   1.0000 
             |
             |       43
             |
        exp1 |   0.4648*  1.0000 
             |   0.0017
             |       43       43
             |
        exp2 |   0.6092*  0.7708*  1.0000 
             |   0.0000   0.0000
             |       43       43       43
             |
        exp3 |   0.5693*  0.2669   0.6216*  1.0000 
             |   0.0001   0.0916   0.0000
             |       41       41       41       41
             |

. 
. reg lic1 lic2 i.cty i.yr, beta // mock xtreg, cluster(cty)

      Source |       SS       df       MS              Number of obs =      57
-------------+------------------------------           F( 25,    31) =   18.92
       Model |  .084473345    25  .003378934           Prob > F      =  0.0000
    Residual |  .005535066    31  .000178551           R-squared     =  0.9385
-------------+------------------------------           Adj R-squared =  0.8889
       Total |  .090008411    56  .001607293           Root MSE      =  .01336

------------------------------------------------------------------------------
        lic1 |      Coef.   Std. Err.      t    P>|t|                     Beta
-------------+----------------------------------------------------------------
        lic2 |   .8496046   .2256906     3.76   0.001                 .7570504
             |
         cty |
        124  |   .0148268   .0122245     1.21   0.234                 .0686539
        203  |   .0034957   .0119773     0.29   0.772                 .0161863
        250  |  -.0348733   .0123502    -2.82   0.008                -.1614768
        276  |   .0101828   .0096416     1.06   0.299                 .0654571
        348  |   .0041747   .0139184     0.30   0.766                 .0234588
        372  |   .0033763    .014303     0.24   0.815                 .0189722
        376  |  -.0083973   .0103868    -0.81   0.425                -.0471867
        380  |   .0113494   .0136471     0.83   0.412                 .0637754
        392  |  -.0265223   .0163412    -1.62   0.115                -.1228083
        428  |  -.0155303   .0149265    -1.04   0.306                -.0719115
        554  |   .0208655   .0118581     1.76   0.088                 .0966155
        578  |   .0018397   .0141464     0.13   0.897                 .0103378
        608  |   .0312289   .0146409     2.13   0.041                 .1446018
        616  |  -.0053557   .0149736    -0.36   0.723                -.0247989
        643  |  -.0073308   .0150728    -0.49   0.630                -.0339444
        705  |   .0068419   .0124927     0.55   0.588                 .0316804
        724  |  -.0081817   .0157232    -0.52   0.607                -.0378842
        752  |  -.0271183   .0133281    -2.03   0.051                -.1255683
        756  |  -.0232977   .0160859    -1.45   0.158                -.1078775
        826  |   .0130414   .0117906     1.11   0.277                 .0838328
        840  |  -.0232663   .0177366    -1.31   0.199                -.1495604
             |
          yr |
       1990  |   .0149312   .0081465     1.83   0.076                 .1370113
       1996  |   .0194816   .0077844     2.50   0.018                  .238666
       2006  |   .0218791   .0078444     2.79   0.009                 .2655896
             |
       _cons |   .1294698   .2157642     0.60   0.553                        .
------------------------------------------------------------------------------

. 
. * Reshape.
. reshape long lic exp, i(ctyr) j(issue)
(note: j = 1 2 3 4)

Data                               wide   ->   long
-----------------------------------------------------------------------------
Number of obs.                       57   ->     228
Number of variables                  12   ->       7
j variable (4 values)                     ->   issue
xij variables:
                     lic1 lic2 ... lic4   ->   lic
                     exp1 exp2 ... exp4   ->   exp
-----------------------------------------------------------------------------

. la de issue 1 "Health" 2 "Pensions" 3 "Unemployment" 4 "Environment"

. la val issue issue

. 
. * Export.
. sort cty yr

. order cty yr ctyr issue lic* exp*

. outsheet using data_issp8506.csv, replace
(note: file data_issp8506.csv not found)

. 
end of do-file

. do "/var/folders/z7/3z88y4cs2fb3mb95qh69nvjm0000gn/T//SD03285.000000"

. // SETUP
. 
. * Options.
. global graphs=1

. set scheme set1 // Edwin Leuven's conversion of Color Brewer Set1

. 
. * Path.
. cd "~/Documents/Research/Data/ISSP/"
/Users/fr/Documents/Research/Data/ISSP

. 
. * Log.
. cap log close _all
